---
source: tests/test_record_samples.rs
expression: "&value"
---
{
  "Event": {
    "#attributes": {
      "xmlns": "http://schemas.microsoft.com/win/2004/08/events/event"
    },
    "System": {
      "Provider": {
        "#attributes": {
          "Name": "Microsoft-Windows-Security-Auditing",
          "Guid": "54849625-5478-4994-A5BA-3E3B0328C30D"
        }
      },
      "EventID": 4608,
      "Version": 0,
      "Level": 0,
      "Task": 12288,
      "Opcode": 0,
      "Keywords": "0x8020000000000000",
      "TimeCreated": {
        "#attributes": {
          "SystemTime": "2016-07-08T18:12:51.681640Z"
        }
      },
      "EventRecordID": 1,
      "Correlation": null,
      "Execution": {
        "#attributes": {
          "ProcessID": 456,
          "ThreadID": 460
        }
      },
      "Channel": "Security",
      "Computer": "37L4247F27-25",
      "Security": null
    },
    "EventData": null
  }
}
